Linux


1. Create `linux_lecture` directory and notes.txt file

mariana@mariana-HP-EliteBook-8760w:~$ mkdir linux_lecture && touch notes.txt
mariana@mariana-HP-EliteBook-8760w:~$ ls
Відео      Завантаження      Зображення  Стільниця  Downloads      notes.txt
Документи  Загальнодоступні  Музика      Шаблони    linux_lecture  snap

2. Copy notes.txt file to linux_lecture directory

mariana@mariana-HP-EliteBook-8760w:~$ cp notes.txt linux_lecture/
mariana@mariana-HP-EliteBook-8760w:~$ ls
Відео      Завантаження      Зображення  Стільниця  Downloads      notes.txt
Документи  Загальнодоступні  Музика      Шаблони    linux_lecture  snap
mariana@mariana-HP-EliteBook-8760w:~$ cd linux_lecture/
mariana@mariana-HP-EliteBook-8760w:~/linux_lecture$ ls
notes.txt

3. List the files in the current directory, in “long listing format”.

mariana@mariana-HP-EliteBook-8760w:~/linux_lecture$ ll
загалом 8
drwxrwxr-x  2 mariana mariana 4096 кві 27 13:40 ./
drwxr-xr-x 25 mariana mariana 4096 кві 27 13:39 ../
-rw-rw-r--  1 mariana mariana    0 кві 27 13:40 notes.txt

4. List all files, including hidden files, in the your home (~) directory, in reverse alphabetical order and long listing format.

mariana@mariana-HP-EliteBook-8760w:~$ ll
загалом 124
drwxr-xr-x 25 mariana mariana 4096 кві 27 13:39 ./
drwxr-xr-x  3 root    root    4096 кві  2 23:53 ../
drwxr-xr-x  2 mariana mariana 4096 кві  3 00:04 Відео/
drwxr-xr-x  3 mariana mariana 4096 кві  4 18:37 Документи/
drwxr-xr-x  2 mariana mariana 4096 кві 27 13:18 Завантаження/
drwxr-xr-x  2 mariana mariana 4096 кві  3 00:04 Загальнодоступні/
drwxr-xr-x  2 mariana mariana 4096 кві 11 21:17 Зображення/
drwxr-xr-x  2 mariana mariana 4096 кві  3 00:04 Музика/
drwxr-xr-x  2 mariana mariana 4096 кві  3 00:04 Стільниця/
drwxr-xr-x  2 mariana mariana 4096 кві  3 00:04 Шаблони/
-rw-------  1 mariana mariana 2831 кві 27 12:40 .bash_history
-rw-r--r--  1 mariana mariana  220 кві  2 23:53 .bash_logout
-rw-r--r--  1 mariana mariana 3771 кві  2 23:53 .bashrc
drwxrwxr-x 22 mariana mariana 4096 кві 19 21:18 .cache/
drwx------ 19 mariana mariana 4096 кві 11 21:52 .config/
drwxrwxr-x  2 mariana mariana 4096 кві  9 17:12 Downloads/
-rw-rw-r--  1 mariana mariana   52 кві  4 20:39 .gitconfig
drwx------  3 mariana mariana 4096 кві  5 17:31 .gnupg/
drwxrwxr-x  4 mariana mariana 4096 кві  4 19:23 .java/
drwx------  3 mariana mariana 4096 кві 13 13:39 .launchpadlib/
drwxrwxr-x  2 mariana mariana 4096 кві 27 13:40 linux_lecture/
drwxr-xr-x  5 mariana mariana 4096 кві 16 17:36 .local/
drwx------  5 mariana mariana 4096 кві  3 00:07 .mozilla/
-rw-rw-r--  1 mariana mariana    0 кві 27 13:39 notes.txt
drwx------  3 mariana mariana 4096 кві  5 21:37 .nv/
-rw-rw-r--  1 mariana mariana  792 кві 27 12:57 .nvidia-settings-rc
drwx------  3 mariana mariana 4096 кві  3 01:01 .pki/
-rw-r--r--  1 mariana mariana  807 кві  2 23:53 .profile
drwxr-xr-x 11 mariana mariana 4096 кві 17 15:02 snap/
drwx------  2 mariana mariana 4096 кві  4 18:57 .ssh/
drwxrwxr-x  5 mariana mariana 4096 кві  8 23:00 .stellarium/
drwxrwxr-x  3 mariana mariana 4096 кві  5 14:55 .subversion/
-rw-r--r--  1 mariana mariana    0 кві  3 00:56 .sudo_as_admin_successful
mariana@mariana-HP-EliteBook-8760w:~$ cd linux_lecture/
mariana@mariana-HP-EliteBook-8760w:~/linux_lecture$ ll
загалом 8
drwxrwxr-x  2 mariana mariana 4096 кві 27 13:40 ./
drwxr-xr-x 25 mariana mariana 4096 кві 27 13:39 ../
-rw-rw-r--  1 mariana mariana    0 кві 27 13:40 notes.txt
mariana@mariana-HP-EliteBook-8760w:~/linux_lecture$ cd ~
mariana@mariana-HP-EliteBook-8760w:~$ ll -lra
загалом 124
-rw-r--r--  1 mariana mariana    0 кві  3 00:56 .sudo_as_admin_successful
drwxrwxr-x  3 mariana mariana 4096 кві  5 14:55 .subversion/
drwxrwxr-x  5 mariana mariana 4096 кві  8 23:00 .stellarium/
drwx------  2 mariana mariana 4096 кві  4 18:57 .ssh/
drwxr-xr-x 11 mariana mariana 4096 кві 17 15:02 snap/
-rw-r--r--  1 mariana mariana  807 кві  2 23:53 .profile
drwx------  3 mariana mariana 4096 кві  3 01:01 .pki/
-rw-rw-r--  1 mariana mariana  792 кві 27 12:57 .nvidia-settings-rc
drwx------  3 mariana mariana 4096 кві  5 21:37 .nv/
-rw-rw-r--  1 mariana mariana    0 кві 27 13:39 notes.txt
drwx------  5 mariana mariana 4096 кві  3 00:07 .mozilla/
drwxr-xr-x  5 mariana mariana 4096 кві 16 17:36 .local/
drwxrwxr-x  2 mariana mariana 4096 кві 27 13:40 linux_lecture/
drwx------  3 mariana mariana 4096 кві 13 13:39 .launchpadlib/
drwxrwxr-x  4 mariana mariana 4096 кві  4 19:23 .java/
drwx------  3 mariana mariana 4096 кві  5 17:31 .gnupg/
-rw-rw-r--  1 mariana mariana   52 кві  4 20:39 .gitconfig
drwxrwxr-x  2 mariana mariana 4096 кві  9 17:12 Downloads/
drwx------ 19 mariana mariana 4096 кві 11 21:52 .config/
drwxrwxr-x 22 mariana mariana 4096 кві 19 21:18 .cache/
-rw-r--r--  1 mariana mariana 3771 кві  2 23:53 .bashrc
-rw-r--r--  1 mariana mariana  220 кві  2 23:53 .bash_logout
-rw-------  1 mariana mariana 2831 кві 27 12:40 .bash_history
drwxr-xr-x  2 mariana mariana 4096 кві  3 00:04 Шаблони/
drwxr-xr-x  2 mariana mariana 4096 кві  3 00:04 Стільниця/
drwxr-xr-x  2 mariana mariana 4096 кві  3 00:04 Музика/
drwxr-xr-x  2 mariana mariana 4096 кві 11 21:17 Зображення/
drwxr-xr-x  2 mariana mariana 4096 кві  3 00:04 Загальнодоступні/
drwxr-xr-x  2 mariana mariana 4096 кві 27 13:18 Завантаження/
drwxr-xr-x  3 mariana mariana 4096 кві  4 18:37 Документи/
drwxr-xr-x  2 mariana mariana 4096 кві  3 00:04 Відео/
drwxr-xr-x  3 root    root    4096 кві  2 23:53 ../
drwxr-xr-x 25 mariana mariana 4096 кві 27 13:39 ./

5*. Rename the file notes.txt to new_notes.txt
Hint: Renaming is done using the same command as moving.

mariana@mariana-HP-EliteBook-8760w:~$ mv notes.txt new_notes.txt
mariana@mariana-HP-EliteBook-8760w:~$ ls
Відео         Загальнодоступні  Стільниця  linux_lecture
Документи     Зображення        Шаблони    new_notes.txt
Завантаження  Музика            Downloads  snap

6. Remove the files linux_lecture/notes.txt and new_notes.txt. Note that your answer must be a single command and not multiple commands.
Hint: Many commands can accept more than one parameter.
Create homework.sh file under linux_lecture directory

mariana@mariana-HP-EliteBook-8760w:~$ rm linux_lecture/notes.txt new_notes.txt 
mariana@mariana-HP-EliteBook-8760w:~$ ls
Відео      Завантаження      Зображення  Стільниця  Downloads      snap
Документи  Загальнодоступні  Музика      Шаблони    linux_lecture
mariana@mariana-HP-EliteBook-8760w:~$ ls linux_lecture/
mariana@mariana-HP-EliteBook-8760w:~$ touch linux_lecture/homework.sh
mariana@mariana-HP-EliteBook-8760w:~$ ls linux_lecture/
homework.sh

7*. Set the file homework.sh to have a last-modified date of January 1, 2020, 4:15am.
Hint: The man page for the proper command describes the timestamp 'STAMP' format to use. Look for this!
Also note: Linux is case-sensitive when you are specifying file or directory names.
You can use a * (asterisk) as a “wild-card” character to specify a group of files.
For example, *foo means all files whose names end with foo, and foo* means all files whose names begin with foo.
You can use a wildcard in the middle of a file name, such as foo*bar for all files that start with foo and end with bar.

Create hw.sh, hw1.sh, hw2.sh, hw1.txt under the linux_lecture directory

mariana@mariana-HP-EliteBook-8760w:~$ touch linux_lecture/homework.sh -m -t 202001010415
mariana@mariana-HP-EliteBook-8760w:~$ ll linux_lecture/
загалом 8
drwxrwxr-x  2 mariana mariana 4096 кві 27 13:53 ./
drwxr-xr-x 25 mariana mariana 4096 кві 27 13:52 ../
-rw-rw-r--  1 mariana mariana    0 січ  1  2020 homework.sh
mariana@mariana-HP-EliteBook-8760w:~$ stat linux_lecture/homework.sh 
  Файл: linux_lecture/homework.sh
  Розмір: 0         	Блоків: 0          Блок в/в: 4096   звичайний порожній файл
Пристрій: 815h/2069d	Inode: 5375605     Посилання: 1
Доступ: (0664/-rw-rw-r--)  Uid: ( 1000/ mariana)   Gid: ( 1000/ mariana)
Доступ: 2021-04-27 13:53:54.365054389 +0300
Модиф.: 2020-01-01 04:15:00.000000000 +0200
 Зміна: 2021-04-27 14:29:21.339901793 +0300
Створ.: -
mariana@mariana-HP-EliteBook-8760w:~$ touch linux_lecture/hw.sh linux_lecture/hw{1..2}.sh linux_lecture/hw1.txt 
mariana@mariana-HP-EliteBook-8760w:~$ cd linux_lecture/
mariana@mariana-HP-EliteBook-8760w:~/linux_lecture$ ls
homework.sh  hw1.sh  hw1.txt  hw2.sh  hw.sh


8. Find all the files only with the extension .txt in the current directory.

mariana@mariana-HP-EliteBook-8760w:~/linux_lecture$ ll | grep \.txt
-rw-rw-r--  1 mariana mariana    0 кві 27 14:37 hw1.txt

9. Copy all the text files (files whose names end with .txt) from the current folder to the new directory `lecture_new`

mariana@mariana-HP-EliteBook-8760w:~/linux_lecture$ mkdir lecture_new
mariana@mariana-HP-EliteBook-8760w:~/linux_lecture$ cp *.txt lecture_new/
mariana@mariana-HP-EliteBook-8760w:~/linux_lecture$ ls lecture_new/
hw1.txt

10. Write `echo 'linux_lecture'` to the homework.sh file by using echo.

mariana@mariana-HP-EliteBook-8760w:~/linux_lecture$ echo 'echo "linux_lecture"' > homework.sh 

11. Display the contents of homework.sh

mariana@mariana-HP-EliteBook-8760w:~/linux_lecture$ cat homework.sh 
echo "linux_lecture"

12. Change the permissions to just write for current user and try to Display contents again.

mariana@mariana-HP-EliteBook-8760w:~/linux_lecture$ ll
загалом 16
drwxrwxr-x  3 mariana mariana 4096 кві 27 14:45 ./
drwxr-xr-x 25 mariana mariana 4096 кві 27 13:52 ../
-rw-rw-r--  1 mariana mariana   21 кві 27 14:52 homework.sh
-rw-rw-r--  1 mariana mariana    0 кві 27 14:37 hw1.sh
-rw-rw-r--  1 mariana mariana    0 кві 27 14:37 hw1.txt
-rw-rw-r--  1 mariana mariana    0 кві 27 14:37 hw2.sh
-rw-rw-r--  1 mariana mariana    0 кві 27 14:37 hw.sh
drwxrwxr-x  2 mariana mariana 4096 кві 27 14:46 lecture_new/
mariana@mariana-HP-EliteBook-8760w:~/linux_lecture$ chmod 264 homework.sh 
mariana@mariana-HP-EliteBook-8760w:~/linux_lecture$ cat homework.sh 
cat: homework.sh: Відмовлено у доступі

13. Change the permission to rwx for current user only and try again.

mariana@mariana-HP-EliteBook-8760w:~/linux_lecture$ chmod 764 homework.sh 
mariana@mariana-HP-EliteBook-8760w:~/linux_lecture$ cat homework.sh 
echo "linux_lecture"

13a. Execute the homework.sh

mariana@mariana-HP-EliteBook-8760w:~/linux_lecture$ ./homework.sh 
linux_lecture

14. Write from 1 to 10 in each line in homework.sh by using text reader.
🔍 Self Discovery: The head and tail commands output only the first or last few lines (respectively) of a file to the terminal.

mariana@mariana-HP-EliteBook-8760w:~/linux_lecture$ pycharm-community homework.sh 
Already running

15. Display only the first 7 lines of the file homework.sh from the current directory on the terminal.

mariana@mariana-HP-EliteBook-8760w:~/linux_lecture$ head -n 7 homework.sh 
1
2
3
4
5
6
7

16*. Create notes.sh with `ls` and make it executable

mariana@mariana-HP-EliteBook-8760w:~/linux_lecture$ touch notes.sh && echo "ls" > notes.sh
mariana@mariana-HP-EliteBook-8760w:~/linux_lecture$ ll
загалом 20
drwxrwxr-x  3 mariana mariana 4096 кві 27 15:20 ./
drwxr-xr-x 25 mariana mariana 4096 кві 27 13:52 ../
-rwxrw-r--  1 mariana mariana   20 кві 27 15:13 homework.sh*
-rw-rw-r--  1 mariana mariana    0 кві 27 14:37 hw1.sh
-rw-rw-r--  1 mariana mariana    0 кві 27 14:37 hw1.txt
-rw-rw-r--  1 mariana mariana    0 кві 27 14:37 hw2.sh
-rw-rw-r--  1 mariana mariana    0 кві 27 14:37 hw.sh
drwxrwxr-x  2 mariana mariana 4096 кві 27 14:46 lecture_new/
-rw-rw-r--  1 mariana mariana    3 кві 27 15:20 notes.sh
mariana@mariana-HP-EliteBook-8760w:~/linux_lecture$ chmod 777 notes.sh 
mariana@mariana-HP-EliteBook-8760w:~/linux_lecture$ ll
загалом 20
drwxrwxr-x  3 mariana mariana 4096 кві 27 15:20 ./
drwxr-xr-x 25 mariana mariana 4096 кві 27 13:52 ../
-rwxrw-r--  1 mariana mariana   20 кві 27 15:13 homework.sh*
-rw-rw-r--  1 mariana mariana    0 кві 27 14:37 hw1.sh
-rw-rw-r--  1 mariana mariana    0 кві 27 14:37 hw1.txt
-rw-rw-r--  1 mariana mariana    0 кві 27 14:37 hw2.sh
-rw-rw-r--  1 mariana mariana    0 кві 27 14:37 hw.sh
drwxrwxr-x  2 mariana mariana 4096 кві 27 14:46 lecture_new/
-rwxrwxrwx  1 mariana mariana    3 кві 27 15:20 notes.sh*

17*. Execute notes.sh

mariana@mariana-HP-EliteBook-8760w:~/linux_lecture$ ./notes.sh 
homework.sh  hw1.sh  hw1.txt  hw2.sh  hw.sh  lecture_new  notes.sh


GIT


1. Create a folder called cursor_git

mariana@mariana-HP-EliteBook-8760w:~$ mkdir cursor_git
mariana@mariana-HP-EliteBook-8760w:~$ ls
Відео      Завантаження      Зображення  Стільниця  cursor_git  linux_lecture
Документи  Загальнодоступні  Музика      Шаблони    Downloads   snap

2. cd into the cursor_git folder.

mariana@mariana-HP-EliteBook-8760w:~$ cd cursor_git/

3. Create a file called first.py.

mariana@mariana-HP-EliteBook-8760w:~/cursor_git$ touch first.py
mariana@mariana-HP-EliteBook-8760w:~/cursor_git$ ls
first.py

4. Add first.py to the staging area.

mariana@mariana-HP-EliteBook-8760w:~/cursor_git$ git add first.py 
fatal: не є сховищем git (або будь-яким з батьківських каталогів): .git
mariana@mariana-HP-EliteBook-8760w:~/cursor_git$ git init
Переініціалізоване наявне спільне сховище Git в /home/mariana/cursor_git/.git/
mariana@mariana-HP-EliteBook-8760w:~/cursor_git$ git add first.py 

5. Commit with the message "adding first.py".

mariana@mariana-HP-EliteBook-8760w:~/cursor_git$ git commit -m "adding first.py"
[master (кореневий коміт) 55429fa] adding first.py
 1 file changed, 0 insertions(+), 0 deletions(-)
 create mode 100644 first.py

6. Check out your commit with git log.

mariana@mariana-HP-EliteBook-8760w:~/cursor_git$ git log
commit 55429fa10012187ea27aed71c4e59022f70def1d (HEAD -> master)
Author: mariana <mariasyad@gmail.com>
Date:   Tue Apr 27 15:35:45 2021 +0300

    adding first.py

7. Create another file called second.py.

mariana@mariana-HP-EliteBook-8760w:~/cursor_git$ touch second.py
mariana@mariana-HP-EliteBook-8760w:~/cursor_git$ ls
first.py  second.py

8. Add second.py to the staging area.

mariana@mariana-HP-EliteBook-8760w:~/cursor_git$ git add second.py 

9. Commit with the message "adding second.py"

mariana@mariana-HP-EliteBook-8760w:~/cursor_git$ git commit -m "adding second.py"
[master e35a158] adding second.py
 1 file changed, 0 insertions(+), 0 deletions(-)
 create mode 100644 second.py

10. Remove the first.py file

mariana@mariana-HP-EliteBook-8760w:~/cursor_git$ rm first.py 
mariana@mariana-HP-EliteBook-8760w:~/cursor_git$ ls
second.py

11. Add this change to the staging area

mariana@mariana-HP-EliteBook-8760w:~/cursor_git$ git add first.py 

12. Commit with the message "removing first.py"

mariana@mariana-HP-EliteBook-8760w:~/cursor_git$ git commit -m "removing first.py"
[master f0feff6] removing first.py
 1 file changed, 0 insertions(+), 0 deletions(-)
 delete mode 100644 first.py

13. Check out your commits using git log

mariana@mariana-HP-EliteBook-8760w:~/cursor_git$ git log
commit f0feff6f8743c50debcaa1006aa8c7121f1f5ca8 (HEAD -> master)
Author: mariana <mariasyad@gmail.com>
Date:   Tue Apr 27 15:40:00 2021 +0300

    removing first.py

commit e35a158a4a93e9793e28ecd46c1549d497e2e3e9
Author: mariana <mariasyad@gmail.com>
Date:   Tue Apr 27 15:38:08 2021 +0300

    adding second.py

commit 55429fa10012187ea27aed71c4e59022f70def1d
Author: mariana <mariasyad@gmail.com>
Date:   Tue Apr 27 15:35:45 2021 +0300

    adding first.py

14. Push your changes to remote

mariana@mariana-HP-EliteBook-8760w:~/cursor_git$ git remote add origin git@github.com:MarianaDrozd/git_hw_adv.git
mariana@mariana-HP-EliteBook-8760w:~/cursor_git$ git push
fatal: Поточна гілка master не має гілки upstream.
Щоб надіслати поточну гілку й встановити зовнішню гілку як гілку upstream, використовуйте
    git push --set-upstream origin master

mariana@mariana-HP-EliteBook-8760w:~/cursor_git$ git push --set-upstream origin master
Enumerating objects: 7, виконано.
Підрахунок об’єктів: 100% (7/7), виконано.
Delta compression using up to 8 threads
Стиснення об’єктів: 100% (4/4), виконано.
Запис об’єктів: 100% (7/7), 622 bytes | 311.00 KiB/s, виконано.
Total 7 (delta 0), reused 0 (delta 0)
To github.com:MarianaDrozd/git_hw_adv.git
 * [new branch]      master -> master
Гілка «master» відслідковує зовнішню гілку «master» з «origin».

15. Create new branch from master called `first` (without checkout)

mariana@mariana-HP-EliteBook-8760w:~/cursor_git$ git branch first

16. Create one more branch from master called `second` (with checkout to it)

mariana@mariana-HP-EliteBook-8760w:~/cursor_git$ git checkout -b second
Перейшов до нової гілки «second»

17. Change the second.py file with "print('Hello')" string.

mariana@mariana-HP-EliteBook-8760w:~/cursor_git$ echo "print('Hello')" > second.py 

18. Stash you changes and checkout to first branch.

mariana@mariana-HP-EliteBook-8760w:~/cursor_git$ git stash
Saved working directory and index state WIP on second: f0feff6 removing first.py
mariana@mariana-HP-EliteBook-8760w:~/cursor_git$ git checkout first
Перейшов до гілки «first»

19. Checkout back and Stash Pop the changes.

mariana@mariana-HP-EliteBook-8760w:~/cursor_git$ git checkout second
Перейшов до гілки «second»
mariana@mariana-HP-EliteBook-8760w:~/cursor_git$ git stash pop
На гілці second
Зміни не споряджені для коміту
  (використовуйте "git add <file>..." щоб оновити дані, котрі будуть збережені в коміті)
  (use "git restore <file>..." to discard changes in working directory)
	змінено:       second.py

жодних зміни у коміт не додано (використовуйте «git add» та/або «git commit -a»)
Dropped refs/stash@{0} (3bff6fa8e7a39924864131908d7915f74df27316)

20. Add your changes to the staging area

mariana@mariana-HP-EliteBook-8760w:~/cursor_git$ git add .
mariana@mariana-HP-EliteBook-8760w:~/cursor_git$ git status
На гілці second
Зміни, що мають бути збережені в коміті
  (use "git restore --staged <file>..." to unstage)
	змінено:       second.py


21. Commit with the message "Changing second.py".

mariana@mariana-HP-EliteBook-8760w:~/cursor_git$ git commit -m "Changing second.py"
[second 7afd74c] Changing second.py
 1 file changed, 1 insertion(+)

22. Push your changes to remote

mariana@mariana-HP-EliteBook-8760w:~/cursor_git$ git push origin second
Enumerating objects: 5, виконано.
Підрахунок об’єктів: 100% (5/5), виконано.
Запис об’єктів: 100% (3/3), 260 bytes | 260.00 KiB/s, виконано.
Total 3 (delta 0), reused 0 (delta 0)
remote: 
remote: Create a pull request for 'second' on GitHub by visiting:
remote:      https://github.com/MarianaDrozd/git_hw_adv/pull/new/second
remote: 
To github.com:MarianaDrozd/git_hw_adv.git
 * [new branch]      second -> second

23. Checkout to first branch.

mariana@mariana-HP-EliteBook-8760w:~/cursor_git$ git checkout first
Перейшов до гілки «first»

24. Change the second.py file with print("Cursor") string.

mariana@mariana-HP-EliteBook-8760w:~/cursor_git$ echo 'print("Cursor")' > second.py 

25. Add your changes to the staging area

mariana@mariana-HP-EliteBook-8760w:~/cursor_git$ git add second.py 
mariana@mariana-HP-EliteBook-8760w:~/cursor_git$ git status
На гілці first
Зміни, що мають бути збережені в коміті
  (use "git restore --staged <file>..." to unstage)
	змінено:       second.py


26. Commit with the message "Changing second.py".

mariana@mariana-HP-EliteBook-8760w:~/cursor_git$ git commit -m "Changing second.py"
[first 841fc04] Changing second.py
 1 file changed, 1 insertion(+)

27. Push your changes to remote

mariana@mariana-HP-EliteBook-8760w:~/cursor_git$ git push origin first 
Enumerating objects: 5, виконано.
Підрахунок об’єктів: 100% (5/5), виконано.
Запис об’єктів: 100% (3/3), 261 bytes | 261.00 KiB/s, виконано.
Total 3 (delta 0), reused 0 (delta 0)
remote: 
remote: Create a pull request for 'first' on GitHub by visiting:
remote:      https://github.com/MarianaDrozd/git_hw_adv/pull/new/first
remote: 
To github.com:MarianaDrozd/git_hw_adv.git
 * [new branch]      first -> first

28. Checkout to master branch

mariana@mariana-HP-EliteBook-8760w:~/cursor_git$ git checkout master
Перейшов до гілки «master»
Ваша гілка актуалізована з «origin/master».

29*. Merge the changes from second branch

mariana@mariana-HP-EliteBook-8760w:~/cursor_git$ git merge second 
Оновлення f0feff6..7afd74c
Fast-forward
 second.py | 1 +
 1 file changed, 1 insertion(+)

30*. Then merge the changes from first branch

mariana@mariana-HP-EliteBook-8760w:~/cursor_git$ git merge first 
Автоматичне злиття second.py
КОНФЛІКТ (вміст): Конфлікт злиття в second.py
Не вдалося провести автоматичне злиття; виправте конфлікти й зробіть коміт результату.

31*. Resolve conflict and push the changes to remote

mariana@mariana-HP-EliteBook-8760w:~/cursor_git$ git status
На гілці master
Ваша гілка випереджає «origin/master» на 1 коміт.
  (щоб опублікувати ваші локальні коміти використовуйте «git push»)

В Вас є незлиті шляхи.
  (виправте конфлікти і запустіть «git commit»)
  (використовуйте «git merge --abort», щоб зупинити злиття)

Незлиті шляхи:
  (використовуйте "git add <file>..." щоб позначити зміни)
	обидві зміни:          second.py

жодних зміни у коміт не додано (використовуйте «git add» та/або «git commit -a»)
mariana@mariana-HP-EliteBook-8760w:~/cursor_git$ cat second.py 
<<<<<<< HEAD
print('Hello')
=======
print("Cursor")
>>>>>>> first
mariana@mariana-HP-EliteBook-8760w:~/cursor_git$ nano second.py 
mariana@mariana-HP-EliteBook-8760w:~/cursor_git$ cat second.py 
print('Hello')
print("Cursor")

mariana@mariana-HP-EliteBook-8760w:~/cursor_git$ git add second.py 
mariana@mariana-HP-EliteBook-8760w:~/cursor_git$ git status
На гілці master
Ваша гілка випереджає «origin/master» на 1 коміт.
  (щоб опублікувати ваші локальні коміти використовуйте «git push»)

Усі конфлікти виправлені, але Ви усе ще у процесі злиття.
  (використовуйте «git commit», щоб завершити злиття)

Зміни, що мають бути збережені в коміті
	змінено:       second.py

mariana@mariana-HP-EliteBook-8760w:~/cursor_git$ git commit -m "Resolving conflict in file second.py"
[master 2382b1a] Resolving conflict in file second.py
mariana@mariana-HP-EliteBook-8760w:~/cursor_git$ git push origin --all
Enumerating objects: 7, виконано.
Підрахунок об’єктів: 100% (7/7), виконано.
Запис об’єктів: 100% (3/3), 314 bytes | 314.00 KiB/s, виконано.
Total 3 (delta 0), reused 0 (delta 0)
To github.com:MarianaDrozd/git_hw_adv.git
   f0feff6..2382b1a  master -> master

